2026-08-10 12:35:41.542: [INFO] CurrentProfilePath: C:\Users\jamma\Downloads\Lab6\.metadata\.plugins\org.eclipse.swt\EBWebView\Default
2026-08-10 12:35:41.542: [INFO] Profiles total count: 1
2026-08-10 12:35:41.542: [INFO] Profile: name=Profile 1 path=C:\Users\jamma\Downloads\Lab6\.metadata\.plugins\org.eclipse.swt\EBWebView\Default lastActive=null
2026-08-10 12:35:41.542: [INFO] LastUsedProfileDir: C:\Users\jamma\Downloads\Lab6\.metadata\.plugins\org.eclipse.swt\EBWebView\Default
2026-08-10 12:35:41.542: [INFO] OnDoneLoading sync enabled: 0
2026-08-10 12:35:41.542: [INFO] BookmarkModelLoaded, ids_reassigned: 0
2026-08-10 12:35:41.542: [INFO] BookmarksLoadDropped droppedNodes=0
2026-08-10 12:35:41.542: [INFO] BookmarksSnapshot Startup total=0 bar=0 other=0 mobile=0 showBar=0 showBarNTP=1
2026-08-10 12:35:49.510: [INFO] BookmarksSnapshot Shutdown total=0 bar=0 other=0 mobile=0 showBar=0 showBarNTP=1
2026-08-10 12:36:02.532: [INFO] CurrentProfilePath: C:\Users\jamma\Downloads\Lab6\.metadata\.plugins\org.eclipse.swt\EBWebView\Default
2026-08-10 12:36:02.533: [INFO] Profiles total count: 1
2026-08-10 12:36:02.533: [INFO] Profile: name=Profile 1 path=C:\Users\jamma\Downloads\Lab6\.metadata\.plugins\org.eclipse.swt\EBWebView\Default lastActive=2026-08-10T12:35:45.917Z
2026-08-10 12:36:02.533: [INFO] LastUsedProfileDir: C:\Users\jamma\Downloads\Lab6\.metadata\.plugins\org.eclipse.swt\EBWebView\Default
2026-08-10 12:36:02.533: [INFO] MostRecentlyActiveProfile: name=Profile 1 path=C:\Users\jamma\Downloads\Lab6\.metadata\.plugins\org.eclipse.swt\EBWebView\Default lastActive=2026-08-10T12:35:45.917Z
2026-08-10 12:36:02.533: [INFO] OnDoneLoading sync enabled: 0
2026-08-10 12:36:02.533: [INFO] BookmarkModelLoaded, ids_reassigned: 0
2026-08-10 12:36:02.533: [INFO] BookmarksLoadDropped droppedNodes=0
2026-08-10 12:36:02.533: [INFO] BookmarksSnapshot Startup total=0 bar=0 other=0 mobile=0 showBar=0 showBarNTP=1
2026-08-10 12:36:13.961: [INFO] BookmarksSnapshot Shutdown total=0 bar=0 other=0 mobile=0 showBar=0 showBarNTP=1
2026-08-10 12:40:37.944: [INFO] CurrentProfilePath: C:\Users\jamma\Downloads\Lab6\.metadata\.plugins\org.eclipse.swt\EBWebView\Default
2026-08-10 12:40:37.944: [INFO] Profiles total count: 1
2026-08-10 12:40:37.945: [INFO] Profile: name=Profile 1 path=C:\Users\jamma\Downloads\Lab6\.metadata\.plugins\org.eclipse.swt\EBWebView\Default lastActive=2026-08-10T12:36:09.368Z
2026-08-10 12:40:37.945: [INFO] LastUsedProfileDir: C:\Users\jamma\Downloads\Lab6\.metadata\.plugins\org.eclipse.swt\EBWebView\Default
2026-08-10 12:40:37.945: [INFO] MostRecentlyActiveProfile: name=Profile 1 path=C:\Users\jamma\Downloads\Lab6\.metadata\.plugins\org.eclipse.swt\EBWebView\Default lastActive=2026-08-10T12:36:09.368Z
2026-08-10 12:40:37.945: [INFO] OnDoneLoading sync enabled: 0
2026-08-10 12:40:37.945: [INFO] BookmarkModelLoaded, ids_reassigned: 0
2026-08-10 12:40:37.945: [INFO] BookmarksLoadDropped droppedNodes=0
2026-08-10 12:40:37.945: [INFO] BookmarksSnapshot Startup total=0 bar=0 other=0 mobile=0 showBar=0 showBarNTP=1
2026-08-10 12:40:44.714: [INFO] BookmarksSnapshot Shutdown total=0 bar=0 other=0 mobile=0 showBar=0 showBarNTP=1
